[WARN ] 2026-07-13 01:04:15.618 [CMSHikariPool housekeeper] [] HikariPool - CMSHikariPool - Thread starvation or clock leap detected (housekeeper delta=2h28m31s720ms608µs500ns).
[DEBUG] 2026-07-13 01:04:17.422 [CMSHikariPool housekeeper] [] HikariPool - CMSHikariPool - Before cleanup stats (total=2, active=0, idle=2, waiting=0)
[DEBUG] 2026-07-13 01:04:17.422 [CMSHikariPool housekeeper] [] HikariPool - CMSHikariPool - After cleanup  stats (total=2, active=0, idle=2, waiting=0)
[DEBUG] 2026-07-13 01:04:17.423 [CMSHikariPool housekeeper] [] HikariPool - CMSHikariPool - Fill pool skipped, pool has sufficient level or currently being filled (queueDepth=0).
[DEBUG] 2026-07-13 01:04:17.429 [CMSHikariPool housekeeper] [] HikariPool - CMSHikariPool - Add connection elided, waiting=0, adders pending/running=1
[DEBUG] 2026-07-13 01:04:17.436 [CMSHikariPool connection closer] [] PoolBase - CMSHikariPool - Closing connection org.postgresql.jdbc.PgConnection@60c27afe: (connection has passed maxLifetime)
[DEBUG] 2026-07-13 01:04:17.449 [CMSHikariPool connection closer] [] PoolBase - CMSHikariPool - Closing connection org.postgresql.jdbc.PgConnection@39a67a90: (connection has passed maxLifetime)
[DEBUG] 2026-07-13 01:04:17.736 [CMSHikariPool connection adder] [] HikariPool - CMSHikariPool - Added connection org.postgresql.jdbc.PgConnection@636919b4
[DEBUG] 2026-07-13 01:04:17.923 [CMSHikariPool connection adder] [] HikariPool - CMSHikariPool - Added connection org.postgresql.jdbc.PgConnection@6daeeba9
[WARN ] 2026-07-13 09:46:01.003 [CMSHikariPool housekeeper] [] HikariPool - CMSHikariPool - Thread starvation or clock leap detected (housekeeper delta=8h41m47s973ms860µs300ns).
[DEBUG] 2026-07-13 09:46:01.011 [CMSHikariPool housekeeper] [] HikariPool - CMSHikariPool - Before cleanup stats (total=2, active=0, idle=2, waiting=0)
[DEBUG] 2026-07-13 09:46:01.016 [CMSHikariPool housekeeper] [] HikariPool - CMSHikariPool - After cleanup  stats (total=2, active=0, idle=2, waiting=0)
[DEBUG] 2026-07-13 09:46:01.016 [CMSHikariPool housekeeper] [] HikariPool - CMSHikariPool - Fill pool skipped, pool has sufficient level or currently being filled (queueDepth=0).
[DEBUG] 2026-07-13 09:46:01.040 [CMSHikariPool housekeeper] [] HikariPool - CMSHikariPool - Add connection elided, waiting=0, adders pending/running=1
[DEBUG] 2026-07-13 09:46:01.084 [CMSHikariPool connection closer] [] PoolBase - CMSHikariPool - Closing connection org.postgresql.jdbc.PgConnection@636919b4: (connection has passed maxLifetime)
[DEBUG] 2026-07-13 09:46:01.111 [CMSHikariPool connection closer] [] PoolBase - CMSHikariPool - Closing connection org.postgresql.jdbc.PgConnection@6daeeba9: (connection has passed maxLifetime)
[DEBUG] 2026-07-13 09:46:01.381 [CMSHikariPool connection adder] [] HikariPool - CMSHikariPool - Added connection org.postgresql.jdbc.PgConnection@393781de
[DEBUG] 2026-07-13 09:46:01.563 [CMSHikariPool connection adder] [] HikariPool - CMSHikariPool - Added connection org.postgresql.jdbc.PgConnection@37f07888
[DEBUG] 2026-07-13 09:46:10.625 [http-nio-8095-exec-5] [] JwtAuthenticationFilter - Authenticated user: abhi@gmail.com roles: [com.classmanager.cms_backend.entity.Role@343bcc2b]
[INFO ] 2026-07-13 09:46:10.629 [http-nio-8095-exec-5] [eee59b83] ApiRequestLoggingFilter - API request started: method=GET path=/cms/api/notifications query=- clientIp=0:0:0:0:0:0:0:1 user=abhi@gmail.com(8d1638d7-a6a2-4327-a704-e58986f8c6a2)
[DEBUG] 2026-07-13 09:46:10.643 [http-nio-8095-exec-5] [eee59b83] ApplicationFlowLoggingAspect - Entering NotificationController.getMyNotifications args=[]
[DEBUG] 2026-07-13 09:46:10.652 [http-nio-8095-exec-5] [eee59b83] ApplicationFlowLoggingAspect - Exiting NotificationController.getMyNotifications result=ResponseEntity durationMs=10
[INFO ] 2026-07-13 09:46:10.667 [http-nio-8095-exec-5] [eee59b83] ApiRequestLoggingFilter - API request completed: method=GET path=/cms/api/notifications status=200 durationMs=38 user=abhi@gmail.com(8d1638d7-a6a2-4327-a704-e58986f8c6a2)
[DEBUG] 2026-07-13 09:46:31.029 [CMSHikariPool housekeeper] [] HikariPool - CMSHikariPool - Before cleanup stats (total=2, active=0, idle=2, waiting=0)
[DEBUG] 2026-07-13 09:46:31.036 [CMSHikariPool housekeeper] [] HikariPool - CMSHikariPool - After cleanup  stats (total=2, active=0, idle=2, waiting=0)
[DEBUG] 2026-07-13 09:46:31.036 [CMSHikariPool housekeeper] [] HikariPool - CMSHikariPool - Fill pool skipped, pool has sufficient level or currently being filled (queueDepth=0).
[DEBUG] 2026-07-13 09:46:33.244 [http-nio-8095-exec-7] [] JwtAuthenticationFilter - Authenticated user: abhi@gmail.com roles: [com.classmanager.cms_backend.entity.Role@79723260]
[INFO ] 2026-07-13 09:46:33.245 [http-nio-8095-exec-7] [d84f7cb5] ApiRequestLoggingFilter - API request started: method=GET path=/cms/api/notifications query=- clientIp=0:0:0:0:0:0:0:1 user=abhi@gmail.com(8d1638d7-a6a2-4327-a704-e58986f8c6a2)
[DEBUG] 2026-07-13 09:46:33.247 [http-nio-8095-exec-7] [d84f7cb5] ApplicationFlowLoggingAspect - Entering NotificationController.getMyNotifications args=[]
[DEBUG] 2026-07-13 09:46:33.249 [http-nio-8095-exec-7] [d84f7cb5] ApplicationFlowLoggingAspect - Exiting NotificationController.getMyNotifications result=ResponseEntity durationMs=2
[INFO ] 2026-07-13 09:46:33.253 [http-nio-8095-exec-7] [d84f7cb5] ApiRequestLoggingFilter - API request completed: method=GET path=/cms/api/notifications status=200 durationMs=9 user=abhi@gmail.com(8d1638d7-a6a2-4327-a704-e58986f8c6a2)
[DEBUG] 2026-07-13 09:47:01.051 [CMSHikariPool housekeeper] [] HikariPool - CMSHikariPool - Before cleanup stats (total=2, active=0, idle=2, waiting=0)
[DEBUG] 2026-07-13 09:47:01.051 [CMSHikariPool housekeeper] [] HikariPool - CMSHikariPool - After cleanup  stats (total=2, active=0, idle=2, waiting=0)
[DEBUG] 2026-07-13 09:47:01.052 [CMSHikariPool housekeeper] [] HikariPool - CMSHikariPool - Fill pool skipped, pool has sufficient level or currently being filled (queueDepth=0).
[DEBUG] 2026-07-13 09:47:11.858 [http-nio-8095-exec-8] [] JwtAuthenticationFilter - Authenticated user: abhiadmin@gmail.com roles: [com.classmanager.cms_backend.entity.Role@1aec033b]
[INFO ] 2026-07-13 09:47:11.858 [http-nio-8095-exec-8] [cc33c45b] ApiRequestLoggingFilter - API request started: method=GET path=/cms/api/notifications query=- clientIp=0:0:0:0:0:0:0:1 user=abhiadmin@gmail.com(9c55c0e9-e106-4409-b4d6-0f05cc06d3fa)
[DEBUG] 2026-07-13 09:47:11.858 [http-nio-8095-exec-8] [cc33c45b] ApplicationFlowLoggingAspect - Entering NotificationController.getMyNotifications args=[]
[DEBUG] 2026-07-13 09:47:11.872 [http-nio-8095-exec-8] [cc33c45b] ApplicationFlowLoggingAspect - Exiting NotificationController.getMyNotifications result=ResponseEntity durationMs=11
[INFO ] 2026-07-13 09:47:11.885 [http-nio-8095-exec-8] [cc33c45b] ApiRequestLoggingFilter - API request completed: method=GET path=/cms/api/notifications status=200 durationMs=25 user=abhiadmin@gmail.com(9c55c0e9-e106-4409-b4d6-0f05cc06d3fa)
[DEBUG] 2026-07-13 09:47:12.530 [http-nio-8095-exec-1] [] JwtAuthenticationFilter - Authenticated user: abhiadmin@gmail.com roles: [com.classmanager.cms_backend.entity.Role@3eeeb50f]
[INFO ] 2026-07-13 09:47:12.532 [http-nio-8095-exec-1] [8f7c1357] ApiRequestLoggingFilter - API request started: method=GET path=/cms/api/notifications query=- clientIp=0:0:0:0:0:0:0:1 user=abhiadmin@gmail.com(9c55c0e9-e106-4409-b4d6-0f05cc06d3fa)
[DEBUG] 2026-07-13 09:47:12.533 [http-nio-8095-exec-1] [8f7c1357] ApplicationFlowLoggingAspect - Entering NotificationController.getMyNotifications args=[]
[DEBUG] 2026-07-13 09:47:12.535 [http-nio-8095-exec-1] [8f7c1357] ApplicationFlowLoggingAspect - Exiting NotificationController.getMyNotifications result=ResponseEntity durationMs=2
[INFO ] 2026-07-13 09:47:12.539 [http-nio-8095-exec-1] [8f7c1357] ApiRequestLoggingFilter - API request completed: method=GET path=/cms/api/notifications status=200 durationMs=6 user=abhiadmin@gmail.com(9c55c0e9-e106-4409-b4d6-0f05cc06d3fa)
[DEBUG] 2026-07-13 09:47:12.557 [http-nio-8095-exec-4] [] JwtAuthenticationFilter - Authenticated user: abhiadmin@gmail.com roles: [com.classmanager.cms_backend.entity.Role@b99c8f2]
[INFO ] 2026-07-13 09:47:12.557 [http-nio-8095-exec-4] [ca61993f] ApiRequestLoggingFilter - API request started: method=GET path=/cms/api/notifications query=- clientIp=0:0:0:0:0:0:0:1 user=abhiadmin@gmail.com(9c55c0e9-e106-4409-b4d6-0f05cc06d3fa)
[DEBUG] 2026-07-13 09:47:12.560 [http-nio-8095-exec-4] [ca61993f] ApplicationFlowLoggingAspect - Entering NotificationController.getMyNotifications args=[]
[DEBUG] 2026-07-13 09:47:12.560 [http-nio-8095-exec-4] [ca61993f] ApplicationFlowLoggingAspect - Exiting NotificationController.getMyNotifications result=ResponseEntity durationMs=2
[INFO ] 2026-07-13 09:47:12.568 [http-nio-8095-exec-4] [ca61993f] ApiRequestLoggingFilter - API request completed: method=GET path=/cms/api/notifications status=200 durationMs=9 user=abhiadmin@gmail.com(9c55c0e9-e106-4409-b4d6-0f05cc06d3fa)
[DEBUG] 2026-07-13 09:47:12.879 [http-nio-8095-exec-1] [] JwtAuthenticationFilter - Authenticated user: abhiadmin@gmail.com roles: [com.classmanager.cms_backend.entity.Role@7f1f0093]
[DEBUG] 2026-07-13 09:47:12.880 [http-nio-8095-exec-9] [] JwtAuthenticationFilter - Authenticated user: abhiadmin@gmail.com roles: [com.classmanager.cms_backend.entity.Role@73c6cc05]
[INFO ] 2026-07-13 09:47:12.880 [http-nio-8095-exec-1] [7c9e6dff] ApiRequestLoggingFilter - API request started: method=GET path=/cms/api/academic/courses query=size=100 clientIp=0:0:0:0:0:0:0:1 user=abhiadmin@gmail.com(9c55c0e9-e106-4409-b4d6-0f05cc06d3fa)
[DEBUG] 2026-07-13 09:47:12.880 [http-nio-8095-exec-4] [] JwtAuthenticationFilter - Authenticated user: abhiadmin@gmail.com roles: [com.classmanager.cms_backend.entity.Role@4a46e2aa]
[INFO ] 2026-07-13 09:47:12.881 [http-nio-8095-exec-4] [56c82c2f] ApiRequestLoggingFilter - API request started: method=GET path=/cms/api/super-admin/teachers query=size=100 clientIp=0:0:0:0:0:0:0:1 user=abhiadmin@gmail.com(9c55c0e9-e106-4409-b4d6-0f05cc06d3fa)
[INFO ] 2026-07-13 09:47:12.881 [http-nio-8095-exec-9] [5d26b20e] ApiRequestLoggingFilter - API request started: method=GET path=/cms/api/academic/subjects query=- clientIp=0:0:0:0:0:0:0:1 user=abhiadmin@gmail.com(9c55c0e9-e106-4409-b4d6-0f05cc06d3fa)
[DEBUG] 2026-07-13 09:47:12.881 [http-nio-8095-exec-10] [] JwtAuthenticationFilter - Authenticated user: abhiadmin@gmail.com roles: [com.classmanager.cms_backend.entity.Role@1ca80afa]
[INFO ] 2026-07-13 09:47:12.881 [http-nio-8095-exec-10] [f99f9049] ApiRequestLoggingFilter - API request started: method=GET path=/cms/api/academic/timetables/calendar query=startDate=2026-06-28&endDate=2026-08-01 clientIp=0:0:0:0:0:0:0:1 user=abhiadmin@gmail.com(9c55c0e9-e106-4409-b4d6-0f05cc06d3fa)
[DEBUG] 2026-07-13 09:47:12.904 [http-nio-8095-exec-1] [7c9e6dff] ApplicationFlowLoggingAspect - Entering AcademicManagementController.listCourses args=[branchId=null, search=null, page=0, size=100]
[DEBUG] 2026-07-13 09:47:12.904 [http-nio-8095-exec-4] [56c82c2f] ApplicationFlowLoggingAspect - Entering SuperAdminTeacherController.getTeachers args=[search=null, isActive=null, branchId=null, subject=null, subjectId=null, courseId=null, batchId=null, page=0, size=100]
[DEBUG] 2026-07-13 09:47:12.907 [http-nio-8095-exec-4] [56c82c2f] ApplicationFlowLoggingAspect - Entering SuperAdminTeacherService.getTeachers args=[search=null, isActive=null, branchId=null, subject=null, subjectId=null, courseId=null, batchId=null, page=0, size=100]
[DEBUG] 2026-07-13 09:47:12.908 [http-nio-8095-exec-1] [7c9e6dff] ApplicationFlowLoggingAspect - Entering AcademicManagementService.listCourses args=[branchId=null, currentBranchId=UUID, search=null, page=0, size=100]
[DEBUG] 2026-07-13 09:47:12.910 [http-nio-8095-exec-10] [f99f9049] ApplicationFlowLoggingAspect - Entering TimetableController.getCalendarTimetables args=[startDate=LocalDate, endDate=LocalDate, teacherId=null]
[DEBUG] 2026-07-13 09:47:12.929 [http-nio-8095-exec-9] [5d26b20e] ApplicationFlowLoggingAspect - Entering AcademicManagementController.listSubjects args=[standard=null]
[DEBUG] 2026-07-13 09:47:13.015 [http-nio-8095-exec-1] [7c9e6dff] ApplicationFlowLoggingAspect - Exiting AcademicManagementService.listCourses result=PagedResponse{items=Collection(size=3), page=0, size=100, totalItems=3, totalPages=1} durationMs=99
[DEBUG] 2026-07-13 09:47:13.016 [http-nio-8095-exec-1] [7c9e6dff] ApplicationFlowLoggingAspect - Exiting AcademicManagementController.listCourses result=ResponseEntity durationMs=111
[DEBUG] 2026-07-13 09:47:13.021 [CMSHikariPool connection adder] [] HikariPool - CMSHikariPool - Added connection org.postgresql.jdbc.PgConnection@5841e95d
[DEBUG] 2026-07-13 09:47:13.023 [http-nio-8095-exec-10] [f99f9049] ApplicationFlowLoggingAspect - Entering TimetableService.getCalendarTimetables args=[startDate=LocalDate, endDate=LocalDate, teacherId=null]
[DEBUG] 2026-07-13 09:47:13.036 [http-nio-8095-exec-9] [5d26b20e] ApplicationFlowLoggingAspect - Entering AcademicManagementService.listGlobalSubjects args=[]
[INFO ] 2026-07-13 09:47:13.036 [http-nio-8095-exec-1] [7c9e6dff] ApiRequestLoggingFilter - API request completed: method=GET path=/cms/api/academic/courses status=200 durationMs=156 user=abhiadmin@gmail.com(9c55c0e9-e106-4409-b4d6-0f05cc06d3fa)
[DEBUG] 2026-07-13 09:47:13.045 [http-nio-8095-exec-6] [] HikariPool - CMSHikariPool - Add connection elided, waiting=1, adders pending/running=2
[DEBUG] 2026-07-13 09:47:13.048 [http-nio-8095-exec-4] [56c82c2f] ApplicationFlowLoggingAspect - Exiting SuperAdminTeacherService.getTeachers result=TeacherManagementResponse{summary=Summary, content=Collection(size=3), page=PageMeta} durationMs=140
[DEBUG] 2026-07-13 09:47:13.049 [http-nio-8095-exec-4] [56c82c2f] ApplicationFlowLoggingAspect - Exiting SuperAdminTeacherController.getTeachers result=ResponseEntity durationMs=144
[INFO ] 2026-07-13 09:47:13.054 [http-nio-8095-exec-4] [56c82c2f] ApiRequestLoggingFilter - API request completed: method=GET path=/cms/api/super-admin/teachers status=200 durationMs=173 user=abhiadmin@gmail.com(9c55c0e9-e106-4409-b4d6-0f05cc06d3fa)
[DEBUG] 2026-07-13 09:47:13.057 [http-nio-8095-exec-6] [] JwtAuthenticationFilter - Authenticated user: abhiadmin@gmail.com roles: [com.classmanager.cms_backend.entity.Role@12dcc8ae]
[INFO ] 2026-07-13 09:47:13.057 [http-nio-8095-exec-6] [e301c097] ApiRequestLoggingFilter - API request started: method=GET path=/cms/api/academic/courses query=size=100 clientIp=0:0:0:0:0:0:0:1 user=abhiadmin@gmail.com(9c55c0e9-e106-4409-b4d6-0f05cc06d3fa)
[DEBUG] 2026-07-13 09:47:13.058 [http-nio-8095-exec-6] [e301c097] ApplicationFlowLoggingAspect - Entering AcademicManagementController.listCourses args=[branchId=null, search=null, page=0, size=100]
[DEBUG] 2026-07-13 09:47:13.059 [http-nio-8095-exec-6] [e301c097] ApplicationFlowLoggingAspect - Entering AcademicManagementService.listCourses args=[branchId=null, currentBranchId=UUID, search=null, page=0, size=100]
[DEBUG] 2026-07-13 09:47:13.077 [http-nio-8095-exec-6] [e301c097] ApplicationFlowLoggingAspect - Exiting AcademicManagementService.listCourses result=PagedResponse{items=Collection(size=3), page=0, size=100, totalItems=3, totalPages=1} durationMs=18
[DEBUG] 2026-07-13 09:47:13.077 [http-nio-8095-exec-6] [e301c097] ApplicationFlowLoggingAspect - Exiting AcademicManagementController.listCourses result=ResponseEntity durationMs=18
[INFO ] 2026-07-13 09:47:13.078 [http-nio-8095-exec-6] [e301c097] ApiRequestLoggingFilter - API request completed: method=GET path=/cms/api/academic/courses status=200 durationMs=21 user=abhiadmin@gmail.com(9c55c0e9-e106-4409-b4d6-0f05cc06d3fa)
[DEBUG] 2026-07-13 09:47:13.086 [http-nio-8095-exec-2] [] JwtAuthenticationFilter - Authenticated user: abhiadmin@gmail.com roles: [com.classmanager.cms_backend.entity.Role@69df5c55]
[INFO ] 2026-07-13 09:47:13.087 [http-nio-8095-exec-2] [54a8ef0c] ApiRequestLoggingFilter - API request started: method=GET path=/cms/api/super-admin/teachers query=size=100 clientIp=0:0:0:0:0:0:0:1 user=abhiadmin@gmail.com(9c55c0e9-e106-4409-b4d6-0f05cc06d3fa)
[DEBUG] 2026-07-13 09:47:13.093 [http-nio-8095-exec-2] [54a8ef0c] ApplicationFlowLoggingAspect - Entering SuperAdminTeacherController.getTeachers args=[search=null, isActive=null, branchId=null, subject=null, subjectId=null, courseId=null, batchId=null, page=0, size=100]
[DEBUG] 2026-07-13 09:47:13.094 [http-nio-8095-exec-2] [54a8ef0c] ApplicationFlowLoggingAspect - Entering SuperAdminTeacherService.getTeachers args=[search=null, isActive=null, branchId=null, subject=null, subjectId=null, courseId=null, batchId=null, page=0, size=100]
[DEBUG] 2026-07-13 09:47:13.114 [CMSHikariPool connection adder] [] HikariPool - CMSHikariPool - Added connection org.postgresql.jdbc.PgConnection@56861c25
[DEBUG] 2026-07-13 09:47:13.119 [http-nio-8095-exec-10] [f99f9049] ApplicationFlowLoggingAspect - Exiting TimetableService.getCalendarTimetables result=Collection(size=4) durationMs=96
[DEBUG] 2026-07-13 09:47:13.120 [http-nio-8095-exec-10] [f99f9049] ApplicationFlowLoggingAspect - Exiting TimetableController.getCalendarTimetables result=ResponseEntity durationMs=210
[INFO ] 2026-07-13 09:47:13.130 [http-nio-8095-exec-10] [f99f9049] ApiRequestLoggingFilter - API request completed: method=GET path=/cms/api/academic/timetables/calendar status=200 durationMs=247 user=abhiadmin@gmail.com(9c55c0e9-e106-4409-b4d6-0f05cc06d3fa)
[DEBUG] 2026-07-13 09:47:13.138 [http-nio-8095-exec-2] [54a8ef0c] ApplicationFlowLoggingAspect - Exiting SuperAdminTeacherService.getTeachers result=TeacherManagementResponse{summary=Summary, content=Collection(size=3), page=PageMeta} durationMs=44
[DEBUG] 2026-07-13 09:47:13.138 [http-nio-8095-exec-2] [54a8ef0c] ApplicationFlowLoggingAspect - Exiting SuperAdminTeacherController.getTeachers result=ResponseEntity durationMs=45
[INFO ] 2026-07-13 09:47:13.140 [http-nio-8095-exec-2] [54a8ef0c] ApiRequestLoggingFilter - API request completed: method=GET path=/cms/api/super-admin/teachers status=200 durationMs=53 user=abhiadmin@gmail.com(9c55c0e9-e106-4409-b4d6-0f05cc06d3fa)
[DEBUG] 2026-07-13 09:47:13.154 [http-nio-8095-exec-8] [] JwtAuthenticationFilter - Authenticated user: abhiadmin@gmail.com roles: [com.classmanager.cms_backend.entity.Role@5fe28398]
[INFO ] 2026-07-13 09:47:13.154 [http-nio-8095-exec-8] [fcd65764] ApiRequestLoggingFilter - API request started: method=GET path=/cms/api/academic/timetables/calendar query=startDate=2026-06-28&endDate=2026-08-01 clientIp=0:0:0:0:0:0:0:1 user=abhiadmin@gmail.com(9c55c0e9-e106-4409-b4d6-0f05cc06d3fa)
[DEBUG] 2026-07-13 09:47:13.156 [http-nio-8095-exec-8] [fcd65764] ApplicationFlowLoggingAspect - Entering TimetableController.getCalendarTimetables args=[startDate=LocalDate, endDate=LocalDate, teacherId=null]
[DEBUG] 2026-07-13 09:47:13.156 [http-nio-8095-exec-8] [fcd65764] ApplicationFlowLoggingAspect - Entering TimetableService.getCalendarTimetables args=[startDate=LocalDate, endDate=LocalDate, teacherId=null]
[DEBUG] 2026-07-13 09:47:13.171 [http-nio-8095-exec-8] [fcd65764] ApplicationFlowLoggingAspect - Exiting TimetableService.getCalendarTimetables result=Collection(size=4) durationMs=12
[DEBUG] 2026-07-13 09:47:13.171 [http-nio-8095-exec-8] [fcd65764] ApplicationFlowLoggingAspect - Exiting TimetableController.getCalendarTimetables result=ResponseEntity durationMs=14
[INFO ] 2026-07-13 09:47:13.174 [http-nio-8095-exec-8] [fcd65764] ApiRequestLoggingFilter - API request completed: method=GET path=/cms/api/academic/timetables/calendar status=200 durationMs=19 user=abhiadmin@gmail.com(9c55c0e9-e106-4409-b4d6-0f05cc06d3fa)
[DEBUG] 2026-07-13 09:47:13.198 [CMSHikariPool connection adder] [] HikariPool - CMSHikariPool - Added connection org.postgresql.jdbc.PgConnection@52b9822d
[DEBUG] 2026-07-13 09:47:13.375 [http-nio-8095-exec-9] [5d26b20e] ApplicationFlowLoggingAspect - Exiting AcademicManagementService.listGlobalSubjects result=Collection(size=28) durationMs=339
[DEBUG] 2026-07-13 09:47:13.375 [http-nio-8095-exec-9] [5d26b20e] ApplicationFlowLoggingAspect - Exiting AcademicManagementController.listSubjects result=ResponseEntity durationMs=445
[INFO ] 2026-07-13 09:47:13.383 [http-nio-8095-exec-9] [5d26b20e] ApiRequestLoggingFilter - API request completed: method=GET path=/cms/api/academic/subjects status=200 durationMs=503 user=abhiadmin@gmail.com(9c55c0e9-e106-4409-b4d6-0f05cc06d3fa)
[DEBUG] 2026-07-13 09:47:13.392 [http-nio-8095-exec-3] [] JwtAuthenticationFilter - Authenticated user: abhiadmin@gmail.com roles: [com.classmanager.cms_backend.entity.Role@5b0ec180]
[INFO ] 2026-07-13 09:47:13.392 [http-nio-8095-exec-3] [4fcf8c9a] ApiRequestLoggingFilter - API request started: method=GET path=/cms/api/academic/subjects query=- clientIp=0:0:0:0:0:0:0:1 user=abhiadmin@gmail.com(9c55c0e9-e106-4409-b4d6-0f05cc06d3fa)
[DEBUG] 2026-07-13 09:47:13.394 [http-nio-8095-exec-3] [4fcf8c9a] ApplicationFlowLoggingAspect - Entering AcademicManagementController.listSubjects args=[standard=null]
[DEBUG] 2026-07-13 09:47:13.395 [http-nio-8095-exec-3] [4fcf8c9a] ApplicationFlowLoggingAspect - Entering AcademicManagementService.listGlobalSubjects args=[]
[DEBUG] 2026-07-13 09:47:13.399 [http-nio-8095-exec-3] [4fcf8c9a] ApplicationFlowLoggingAspect - Exiting AcademicManagementService.listGlobalSubjects result=Collection(size=28) durationMs=4
[DEBUG] 2026-07-13 09:47:13.400 [http-nio-8095-exec-3] [4fcf8c9a] ApplicationFlowLoggingAspect - Exiting AcademicManagementController.listSubjects result=ResponseEntity durationMs=5
[INFO ] 2026-07-13 09:47:13.401 [http-nio-8095-exec-3] [4fcf8c9a] ApiRequestLoggingFilter - API request completed: method=GET path=/cms/api/academic/subjects status=200 durationMs=7 user=abhiadmin@gmail.com(9c55c0e9-e106-4409-b4d6-0f05cc06d3fa)
[DEBUG] 2026-07-13 09:47:31.063 [CMSHikariPool housekeeper] [] HikariPool - CMSHikariPool - Before cleanup stats (total=5, active=0, idle=5, waiting=0)
[DEBUG] 2026-07-13 09:47:31.063 [CMSHikariPool housekeeper] [] HikariPool - CMSHikariPool - After cleanup  stats (total=5, active=0, idle=5, waiting=0)
[DEBUG] 2026-07-13 09:47:31.063 [CMSHikariPool housekeeper] [] HikariPool - CMSHikariPool - Fill pool skipped, pool has sufficient level or currently being filled (queueDepth=0).
[DEBUG] 2026-07-13 09:47:33.241 [http-nio-8095-exec-7] [] JwtAuthenticationFilter - Authenticated user: abhi@gmail.com roles: [com.classmanager.cms_backend.entity.Role@16528070]
[INFO ] 2026-07-13 09:47:33.242 [http-nio-8095-exec-7] [6b2344e0] ApiRequestLoggingFilter - API request started: method=GET path=/cms/api/notifications query=- clientIp=0:0:0:0:0:0:0:1 user=abhi@gmail.com(8d1638d7-a6a2-4327-a704-e58986f8c6a2)
[DEBUG] 2026-07-13 09:47:33.259 [http-nio-8095-exec-7] [6b2344e0] ApplicationFlowLoggingAspect - Entering NotificationController.getMyNotifications args=[]
[DEBUG] 2026-07-13 09:47:33.262 [http-nio-8095-exec-7] [6b2344e0] ApplicationFlowLoggingAspect - Exiting NotificationController.getMyNotifications result=ResponseEntity durationMs=3
[INFO ] 2026-07-13 09:47:33.264 [http-nio-8095-exec-7] [6b2344e0] ApiRequestLoggingFilter - API request completed: method=GET path=/cms/api/notifications status=200 durationMs=21 user=abhi@gmail.com(8d1638d7-a6a2-4327-a704-e58986f8c6a2)
[INFO ] 2026-07-13 09:47:37.556 [SpringApplicationShutdownHook] [] SimpleBrokerMessageHandler - Stopping...
[INFO ] 2026-07-13 09:47:37.556 [SpringApplicationShutdownHook] [] SimpleBrokerMessageHandler - BrokerAvailabilityEvent[available=false, SimpleBrokerMessageHandler [org.springframework.messaging.simp.broker.DefaultSubscriptionRegistry@5aec03d7]]
[INFO ] 2026-07-13 09:47:37.558 [SpringApplicationShutdownHook] [] SimpleBrokerMessageHandler - Stopped.
[INFO ] 2026-07-13 09:47:37.704 [SpringApplicationShutdownHook] [] LocalContainerEntityManagerFactoryBean - Closing JPA EntityManagerFactory for persistence unit 'default'
[INFO ] 2026-07-13 09:47:37.740 [SpringApplicationShutdownHook] [] HikariDataSource - CMSHikariPool - Shutdown initiated...
[DEBUG] 2026-07-13 09:47:37.740 [SpringApplicationShutdownHook] [] HikariPool - CMSHikariPool - Before shutdown stats (total=5, active=0, idle=5, waiting=0)
[DEBUG] 2026-07-13 09:47:37.746 [CMSHikariPool connection closer] [] PoolBase - CMSHikariPool - Closing connection org.postgresql.jdbc.PgConnection@393781de: (connection evicted)
[DEBUG] 2026-07-13 09:47:37.746 [CMSHikariPool connection closer] [] PoolBase - CMSHikariPool - Closing connection org.postgresql.jdbc.PgConnection@37f07888: (connection evicted)
[DEBUG] 2026-07-13 09:47:37.747 [CMSHikariPool connection closer] [] PoolBase - CMSHikariPool - Closing connection org.postgresql.jdbc.PgConnection@5841e95d: (connection evicted)
[DEBUG] 2026-07-13 09:47:37.748 [CMSHikariPool connection closer] [] PoolBase - CMSHikariPool - Closing connection org.postgresql.jdbc.PgConnection@56861c25: (connection evicted)
[DEBUG] 2026-07-13 09:47:37.751 [CMSHikariPool connection closer] [] PoolBase - CMSHikariPool - Closing connection org.postgresql.jdbc.PgConnection@52b9822d: (connection evicted)
[DEBUG] 2026-07-13 09:47:37.753 [SpringApplicationShutdownHook] [] HikariPool - CMSHikariPool - After shutdown stats (total=0, active=0, idle=0, waiting=0)
[INFO ] 2026-07-13 09:47:37.753 [SpringApplicationShutdownHook] [] HikariDataSource - CMSHikariPool - Shutdown completed.
